src/controllers/dashboard.controller.ts(2,53): error TS2307: Cannot find module '../../shared/types/dashboard' or its corresponding type declarations.
src/services/dashboard.service.ts(7,64): error TS2307: Cannot find module '../../shared/types/dashboard' or its corresponding type declarations.
src/services/dashboard.service.ts(8,36): error TS2307: Cannot find module '../../shared/types/dateRange' or its corresponding type declarations.
src/services/dashboard.service.ts(13,42): error TS7006: Parameter 'o' implicitly has an 'any' type.
